This file contains any messages produced by compilers while
running configure, to aid debugging if configure makes a mistake.

It was created by SZ configure 2.0, which was
generated by GNU Autoconf 2.69.  Invocation command line was

  $ ./configure 

## --------- ##
## Platform. ##
## --------- ##

hostname = Aneeqa-Macbook
uname -m = x86_64
uname -r = 17.4.0
uname -s = Darwin
uname -v = Darwin Kernel Version 17.4.0: Sun Dec 17 09:19:54 PST 2017; root:xnu-4570.41.2~1/RELEASE_X86_64

/usr/bin/uname -p = i386
/bin/uname -X     = unknown

/bin/arch              = unknown
/usr/bin/arch -k       = unknown
/usr/convex/getsysinfo = unknown
/usr/bin/hostinfo      = Mach kernel version:
	 Darwin Kernel Version 17.4.0: Sun Dec 17 09:19:54 PST 2017; root:xnu-4570.41.2~1/RELEASE_X86_64
Kernel configured for up to 8 processors.
4 processors are physically available.
8 processors are logically available.
Processor type: x86_64h (Intel x86-64h Haswell)
Processors active: 0 1 2 3 4 5 6 7
Primary memory available: 16.00 gigabytes
Default processor set: 429 tasks, 2625 threads, 8 processors
Load average: 2.10, Mach factor: 5.89
/bin/machine           = unknown
/usr/bin/oslevel       = unknown
/bin/universe          = unknown

PATH: /Users/Aneeqa/anaconda3/bin
PATH: /anaconda3/bin
PATH: /usr/local/bin
PATH: /usr/bin
PATH: /bin
PATH: /usr/sbin
PATH: /sbin
PATH: /usr/local/sbin
PATH: /usr/local/Cellar/gcc/7.2.0/bin
PATH: /Library/TeX/texbin
PATH: /usr/local/share/dotnet
PATH: ~/.dotnet/tools


## ----------- ##
## Core tests. ##
## ----------- ##

configure:2450: checking for a BSD-compatible install
configure:2518: result: /usr/bin/install -c
configure:2529: checking whether build environment is sane
configure:2584: result: yes
configure:2735: checking for a thread-safe mkdir -p
configure:2774: result: ./install-sh -c -d
configure:2781: checking for gawk
configure:2811: result: no
configure:2781: checking for mawk
configure:2811: result: no
configure:2781: checking for nawk
configure:2811: result: no
configure:2781: checking for awk
configure:2797: found /usr/bin/awk
configure:2808: result: awk
configure:2819: checking whether make sets $(MAKE)
configure:2841: result: yes
configure:2870: checking whether make supports nested variables
configure:2887: result: yes
configure:3067: checking for gcc
configure:3083: found /usr/bin/gcc
configure:3094: result: gcc
configure:3323: checking for C compiler version
configure:3332: gcc --version >&5
Apple LLVM version 9.1.0 (clang-902.0.39.2)
Target: x86_64-apple-darwin17.4.0
Thread model: posix
InstalledDir: /Applications/Xcode.app/Contents/Developer/Toolchains/XcodeDefault.xctoolchain/usr/bin
Configured with: --prefix=/Applications/Xcode.app/Contents/Developer/usr --with-gxx-include-dir=/usr/include/c++/4.2.1
configure:3343: $? = 0
configure:3332: gcc -v >&5
Configured with: --prefix=/Applications/Xcode.app/Contents/Developer/usr --with-gxx-include-dir=/usr/include/c++/4.2.1
Apple LLVM version 9.1.0 (clang-902.0.39.2)
Target: x86_64-apple-darwin17.4.0
Thread model: posix
InstalledDir: /Applications/Xcode.app/Contents/Developer/Toolchains/XcodeDefault.xctoolchain/usr/bin
configure:3343: $? = 0
configure:3332: gcc -V >&5
clang: error: argument to '-V' is missing (expected 1 value)
clang: error: no input files
configure:3343: $? = 1
configure:3332: gcc -qversion >&5
clang: error: unknown argument: '-qversion'
clang: error: no input files
configure:3343: $? = 1
configure:3363: checking whether the C compiler works
configure:3385: gcc -O3 -std=c99 -Wall   conftest.c  >&5
configure:3389: $? = 0
configure:3437: result: yes
configure:3440: checking for C compiler default output file name
configure:3442: result: a.out
configure:3448: checking for suffix of executables
configure:3455: gcc -o conftest -O3 -std=c99 -Wall   conftest.c  >&5
configure:3459: $? = 0
configure:3481: result: 
configure:3503: checking whether we are cross compiling
configure:3511: gcc -o conftest -O3 -std=c99 -Wall   conftest.c  >&5
configure:3515: $? = 0
configure:3522: ./conftest
configure:3526: $? = 0
configure:3541: result: no
configure:3546: checking for suffix of object files
configure:3568: gcc -c -O3 -std=c99 -Wall  conftest.c >&5
configure:3572: $? = 0
configure:3593: result: o
configure:3597: checking whether we are using the GNU C compiler
configure:3616: gcc -c -O3 -std=c99 -Wall  conftest.c >&5
configure:3616: $? = 0
configure:3625: result: yes
configure:3634: checking whether gcc accepts -g
configure:3654: gcc -c -g  conftest.c >&5
configure:3654: $? = 0
configure:3695: result: yes
configure:3712: checking for gcc option to accept ISO C89
configure:3775: gcc  -c -O3 -std=c99 -Wall  conftest.c >&5
configure:3775: $? = 0
configure:3788: result: none needed
configure:3813: checking whether gcc understands -c and -o together
configure:3835: gcc -c conftest.c -o conftest2.o
configure:3838: $? = 0
configure:3835: gcc -c conftest.c -o conftest2.o
configure:3838: $? = 0
configure:3850: result: yes
configure:3878: checking for style of include used by make
configure:3906: result: GNU
configure:3932: checking dependency style of gcc
configure:4043: result: gcc3
configure:4111: checking for gfortran
configure:4127: found /usr/local/bin/gfortran
configure:4138: result: gfortran
configure:4164: checking for Fortran compiler version
configure:4173: gfortran --version >&5
GNU Fortran (Homebrew GCC 7.3.0_1) 7.3.0
Copyright (C) 2017 Free Software Foundation, Inc.
This is free software; see the source for copying conditions.  There is NO
warranty; not even for MERCHANTABILITY or FITNESS FOR A PARTICULAR PURPOSE.

configure:4184: $? = 0
configure:4173: gfortran -v >&5
Using built-in specs.
COLLECT_GCC=gfortran
COLLECT_LTO_WRAPPER=/usr/local/Cellar/gcc/7.3.0_1/libexec/gcc/x86_64-apple-darwin17.3.0/7.3.0/lto-wrapper
Target: x86_64-apple-darwin17.3.0
Configured with: ../configure --build=x86_64-apple-darwin17.3.0 --prefix=/usr/local/Cellar/gcc/7.3.0_1 --libdir=/usr/local/Cellar/gcc/7.3.0_1/lib/gcc/7 --enable-languages=c,c++,objc,obj-c++,fortran --program-suffix=-7 --with-gmp=/usr/local/opt/gmp --with-mpfr=/usr/local/opt/mpfr --with-mpc=/usr/local/opt/libmpc --with-isl=/usr/local/opt/isl --with-system-zlib --enable-checking=release --with-pkgversion='Homebrew GCC 7.3.0_1' --with-bugurl=https://github.com/Homebrew/homebrew-core/issues --disable-nls
Thread model: posix
gcc version 7.3.0 (Homebrew GCC 7.3.0_1) 
configure:4184: $? = 0
configure:4173: gfortran -V >&5
gfortran: error: unrecognized command line option '-V'
gfortran: fatal error: no input files
compilation terminated.
configure:4184: $? = 1
configure:4173: gfortran -qversion >&5
gfortran: error: unrecognized command line option '-qversion'; did you mean '--version'?
gfortran: fatal error: no input files
compilation terminated.
configure:4184: $? = 1
configure:4193: checking whether we are using the GNU Fortran compiler
configure:4206: gfortran -c   conftest.F >&5
configure:4206: $? = 0
configure:4215: result: yes
configure:4221: checking whether gfortran accepts -g
configure:4232: gfortran -c -g  conftest.f >&5
configure:4232: $? = 0
configure:4240: result: yes
configure:4312: checking for ranlib
configure:4328: found /usr/bin/ranlib
configure:4339: result: ranlib
configure:4411: checking for ar
configure:4427: found /usr/bin/ar
configure:4438: result: ar
configure:4464: checking the archiver (ar) interface
configure:4480: gcc -c -O3 -std=c99 -Wall  conftest.c >&5
configure:4480: $? = 0
configure:4482: ar cru libconftest.a conftest.o >&5
configure:4485: $? = 0
configure:4513: result: ar
configure:4562: checking build system type
configure:4576: result: x86_64-apple-darwin17.4.0
configure:4596: checking host system type
configure:4609: result: x86_64-apple-darwin17.4.0
configure:4650: checking how to print strings
configure:4677: result: printf
configure:4698: checking for a sed that does not truncate output
configure:4762: result: /usr/bin/sed
configure:4780: checking for grep that handles long lines and -e
configure:4838: result: /usr/bin/grep
configure:4843: checking for egrep
configure:4905: result: /usr/bin/grep -E
configure:4910: checking for fgrep
configure:4972: result: /usr/bin/grep -F
configure:5007: checking for ld used by gcc
configure:5074: result: /Applications/Xcode.app/Contents/Developer/Toolchains/XcodeDefault.xctoolchain/usr/bin/ld
configure:5081: checking if the linker (/Applications/Xcode.app/Contents/Developer/Toolchains/XcodeDefault.xctoolchain/usr/bin/ld) is GNU ld
configure:5096: result: no
configure:5108: checking for BSD- or MS-compatible name lister (nm)
configure:5162: result: /usr/bin/nm -B
configure:5292: checking the name lister (/usr/bin/nm -B) interface
configure:5299: gcc -c -O3 -std=c99 -Wall  conftest.c >&5
configure:5302: /usr/bin/nm -B "conftest.o"
configure:5305: output
0000000000000000 S _some_variable
configure:5312: result: BSD nm
configure:5315: checking whether ln -s works
configure:5319: result: yes
configure:5327: checking the maximum length of command line arguments
configure:5458: result: 196608
configure:5506: checking how to convert x86_64-apple-darwin17.4.0 file names to x86_64-apple-darwin17.4.0 format
configure:5546: result: func_convert_file_noop
configure:5553: checking how to convert x86_64-apple-darwin17.4.0 file names to toolchain format
configure:5573: result: func_convert_file_noop
configure:5580: checking for /Applications/Xcode.app/Contents/Developer/Toolchains/XcodeDefault.xctoolchain/usr/bin/ld option to reload object files
configure:5587: result: -r
configure:5661: checking for objdump
configure:5677: found /usr/bin/objdump
configure:5688: result: objdump
configure:5720: checking how to recognize dependent libraries
configure:5920: result: pass_all
configure:6005: checking for dlltool
configure:6035: result: no
configure:6065: checking how to associate runtime and link libraries
configure:6092: result: printf %s\n
configure:6216: checking for archiver @FILE support
configure:6233: gcc -c -O3 -std=c99 -Wall  conftest.c >&5
configure:6233: $? = 0
configure:6236: ar cru libconftest.a @conftest.lst >&5
ar: @conftest.lst: No such file or directory
configure:6239: $? = 1
configure:6259: result: no
configure:6317: checking for strip
configure:6333: found /usr/bin/strip
configure:6344: result: strip
configure:6416: checking for ranlib
configure:6443: result: ranlib
configure:6545: checking command to parse /usr/bin/nm -B output from gcc object
configure:6698: gcc -c -O3 -std=c99 -Wall  conftest.c >&5
configure:6701: $? = 0
configure:6705: /usr/bin/nm -B conftest.o \| sed -n -e 's/^.*[ ]\([BCDEGRST][BCDEGRST]*\)[ ][ ]*\([_A-Za-z][_A-Za-z0-9]*\)$/\1 \2 \2/p' | sed '/ __gnu_lto/d' \> conftest.nm
configure:6708: $? = 0
cannot find nm_test_var in conftest.nm
configure:6698: gcc -c -O3 -std=c99 -Wall  conftest.c >&5
configure:6701: $? = 0
configure:6705: /usr/bin/nm -B conftest.o \| sed -n -e 's/^.*[ ]\([BCDEGRST][BCDEGRST]*\)[ ][ ]*_\([_A-Za-z][_A-Za-z0-9]*\)$/\1 _\2 \2/p' | sed '/ __gnu_lto/d' \> conftest.nm
configure:6708: $? = 0
configure:6774: gcc -o conftest -O3 -std=c99 -Wall   conftest.c conftstm.o >&5
configure:6777: $? = 0
configure:6815: result: ok
configure:6862: checking for sysroot
configure:6892: result: no
configure:6899: checking for a working dd
configure:6937: result: /bin/dd
configure:6941: checking how to truncate binary pipes
configure:6956: result: /bin/dd bs=4096 count=1
configure:7285: checking for mt
configure:7315: result: no
configure:7335: checking if : is a manifest tool
configure:7341: : '-?'
configure:7349: result: no
configure:7405: checking for dsymutil
configure:7421: found /usr/bin/dsymutil
configure:7432: result: dsymutil
configure:7497: checking for nmedit
configure:7513: found /usr/bin/nmedit
configure:7524: result: nmedit
configure:7589: checking for lipo
configure:7605: found /usr/bin/lipo
configure:7616: result: lipo
configure:7681: checking for otool
configure:7697: found /usr/bin/otool
configure:7708: result: otool
configure:7773: checking for otool64
configure:7803: result: no
configure:7848: checking for -single_module linker flag
gcc -O3 -std=c99 -Wall  -o libconftest.dylib -dynamiclib -Wl,-single_module conftest.c
configure:7881: result: yes
configure:7884: checking for -exported_symbols_list linker flag
configure:7904: gcc -o conftest -O3 -std=c99 -Wall   -Wl,-exported_symbols_list,conftest.sym conftest.c  >&5
configure:7904: $? = 0
configure:7914: result: yes
configure:7917: checking for -force_load linker flag
gcc -O3 -std=c99 -Wall -c -o conftest.o conftest.c
ar cru libconftest.a conftest.o
ranlib libconftest.a
gcc -O3 -std=c99 -Wall  -o conftest conftest.c -Wl,-force_load,./libconftest.a
configure:7949: result: yes
configure:8026: checking how to run the C preprocessor
configure:8057: gcc -E  conftest.c
configure:8057: $? = 0
configure:8071: gcc -E  conftest.c
conftest.c:11:10: fatal error: 'ac_nonexistent.h' file not found
#include <ac_nonexistent.h>
         ^~~~~~~~~~~~~~~~~~
1 error generated.
configure:8071: $? = 1
configure: failed program was:
| /* confdefs.h */
| #define PACKAGE_NAME "SZ"
| #define PACKAGE_TARNAME "sz"
| #define PACKAGE_VERSION "2.0"
| #define PACKAGE_STRING "SZ 2.0"
| #define PACKAGE_BUGREPORT "sdi1@anl.gov"
| #define PACKAGE_URL ""
| #define PACKAGE "sz"
| #define VERSION "2.0"
| /* end confdefs.h.  */
| #include <ac_nonexistent.h>
configure:8096: result: gcc -E
configure:8116: gcc -E  conftest.c
configure:8116: $? = 0
configure:8130: gcc -E  conftest.c
conftest.c:11:10: fatal error: 'ac_nonexistent.h' file not found
#include <ac_nonexistent.h>
         ^~~~~~~~~~~~~~~~~~
1 error generated.
configure:8130: $? = 1
configure: failed program was:
| /* confdefs.h */
| #define PACKAGE_NAME "SZ"
| #define PACKAGE_TARNAME "sz"
| #define PACKAGE_VERSION "2.0"
| #define PACKAGE_STRING "SZ 2.0"
| #define PACKAGE_BUGREPORT "sdi1@anl.gov"
| #define PACKAGE_URL ""
| #define PACKAGE "sz"
| #define VERSION "2.0"
| /* end confdefs.h.  */
| #include <ac_nonexistent.h>
configure:8159: checking for ANSI C header files
configure:8179: gcc -c -O3 -std=c99 -Wall  conftest.c >&5
configure:8179: $? = 0
configure:8252: gcc -o conftest -O3 -std=c99 -Wall   conftest.c  >&5
configure:8252: $? = 0
configure:8252: ./conftest
configure:8252: $? = 0
configure:8263: result: yes
configure:8276: checking for sys/types.h
configure:8276: gcc -c -O3 -std=c99 -Wall  conftest.c >&5
configure:8276: $? = 0
configure:8276: result: yes
configure:8276: checking for sys/stat.h
configure:8276: gcc -c -O3 -std=c99 -Wall  conftest.c >&5
configure:8276: $? = 0
configure:8276: result: yes
configure:8276: checking for stdlib.h
configure:8276: gcc -c -O3 -std=c99 -Wall  conftest.c >&5
configure:8276: $? = 0
configure:8276: result: yes
configure:8276: checking for string.h
configure:8276: gcc -c -O3 -std=c99 -Wall  conftest.c >&5
configure:8276: $? = 0
configure:8276: result: yes
configure:8276: checking for memory.h
configure:8276: gcc -c -O3 -std=c99 -Wall  conftest.c >&5
configure:8276: $? = 0
configure:8276: result: yes
configure:8276: checking for strings.h
configure:8276: gcc -c -O3 -std=c99 -Wall  conftest.c >&5
configure:8276: $? = 0
configure:8276: result: yes
configure:8276: checking for inttypes.h
configure:8276: gcc -c -O3 -std=c99 -Wall  conftest.c >&5
configure:8276: $? = 0
configure:8276: result: yes
configure:8276: checking for stdint.h
configure:8276: gcc -c -O3 -std=c99 -Wall  conftest.c >&5
configure:8276: $? = 0
configure:8276: result: yes
configure:8276: checking for unistd.h
configure:8276: gcc -c -O3 -std=c99 -Wall  conftest.c >&5
configure:8276: $? = 0
configure:8276: result: yes
configure:8290: checking for dlfcn.h
configure:8290: gcc -c -O3 -std=c99 -Wall  conftest.c >&5
configure:8290: $? = 0
configure:8290: result: yes
configure:8557: checking for objdir
configure:8572: result: .libs
configure:8832: checking if gcc supports -fno-rtti -fno-exceptions
configure:8850: gcc -c -O3 -std=c99 -Wall  -fno-rtti -fno-exceptions conftest.c >&5
configure:8854: $? = 0
configure:8867: result: yes
configure:9225: checking for gcc option to produce PIC
configure:9232: result: -fno-common -DPIC
configure:9240: checking if gcc PIC flag -fno-common -DPIC works
configure:9258: gcc -c -O3 -std=c99 -Wall  -fno-common -DPIC -DPIC conftest.c >&5
configure:9262: $? = 0
configure:9275: result: yes
configure:9304: checking if gcc static flag -static works
configure:9332: result: no
configure:9347: checking if gcc supports -c -o file.o
configure:9368: gcc -c -O3 -std=c99 -Wall  -o out/conftest2.o conftest.c >&5
configure:9372: $? = 0
configure:9394: result: yes
configure:9402: checking if gcc supports -c -o file.o
configure:9449: result: yes
configure:9482: checking whether the gcc linker (/Applications/Xcode.app/Contents/Developer/Toolchains/XcodeDefault.xctoolchain/usr/bin/ld) supports shared libraries
configure:10741: result: yes
configure:10981: checking dynamic linker characteristics
configure:11802: result: darwin17.4.0 dyld
configure:11924: checking how to hardcode library paths into programs
configure:11949: result: immediate
configure:12497: checking whether stripping libraries is possible
configure:12511: result: yes
configure:12537: checking if libtool supports shared libraries
configure:12539: result: yes
configure:12542: checking whether to build shared libraries
configure:12567: result: yes
configure:12570: checking whether to build static libraries
configure:12574: result: yes
configure:12696: checking if libtool supports shared libraries
configure:12698: result: yes
configure:12701: checking whether to build shared libraries
configure:12725: result: yes
configure:12728: checking whether to build static libraries
configure:12732: result: yes
configure:12766: gfortran -c -g -O2  conftest.f >&5
configure:12769: $? = 0
configure:13247: checking for gfortran option to produce PIC
configure:13254: result: -fno-common
configure:13262: checking if gfortran PIC flag -fno-common works
configure:13280: gfortran -c -g -O2 -fno-common  conftest.f >&5
configure:13284: $? = 0
configure:13297: result: yes
configure:13320: checking if gfortran static flag -static works
configure:13348: result: no
configure:13360: checking if gfortran supports -c -o file.o
configure:13381: gfortran -c -g -O2 -o out/conftest2.o  conftest.f >&5
configure:13385: $? = 0
configure:13407: result: yes
configure:13412: checking if gfortran supports -c -o file.o
configure:13459: result: yes
configure:13489: checking whether the gfortran linker (/Applications/Xcode.app/Contents/Developer/Toolchains/XcodeDefault.xctoolchain/usr/bin/ld) supports shared libraries
configure:14698: result: yes
configure:14839: checking dynamic linker characteristics
configure:15581: result: darwin17.4.0 dyld
configure:15646: checking how to hardcode library paths into programs
configure:15671: result: immediate
configure:15724: checking whether to enable maintainer-specific portions of Makefiles
configure:15733: result: no
configure:15755: checking fcntl.h usability
configure:15755: gcc -c -O3 -std=c99 -Wall  conftest.c >&5
configure:15755: $? = 0
configure:15755: result: yes
configure:15755: checking fcntl.h presence
configure:15755: gcc -E  conftest.c
configure:15755: $? = 0
configure:15755: result: yes
configure:15755: checking for fcntl.h
configure:15755: result: yes
configure:15755: checking limits.h usability
configure:15755: gcc -c -O3 -std=c99 -Wall  conftest.c >&5
configure:15755: $? = 0
configure:15755: result: yes
configure:15755: checking limits.h presence
configure:15755: gcc -E  conftest.c
configure:15755: $? = 0
configure:15755: result: yes
configure:15755: checking for limits.h
configure:15755: result: yes
configure:15755: checking malloc.h usability
configure:15755: gcc -c -O3 -std=c99 -Wall  conftest.c >&5
conftest.c:58:10: fatal error: 'malloc.h' file not found
#include <malloc.h>
         ^~~~~~~~~~
1 error generated.
configure:15755: $? = 1
configure: failed program was:
| /* confdefs.h */
| #define PACKAGE_NAME "SZ"
| #define PACKAGE_TARNAME "sz"
| #define PACKAGE_VERSION "2.0"
| #define PACKAGE_STRING "SZ 2.0"
| #define PACKAGE_BUGREPORT "sdi1@anl.gov"
| #define PACKAGE_URL ""
| #define PACKAGE "sz"
| #define VERSION "2.0"
| #define STDC_HEADERS 1
| #define HAVE_SYS_TYPES_H 1
| #define HAVE_SYS_STAT_H 1
| #define HAVE_STDLIB_H 1
| #define HAVE_STRING_H 1
| #define HAVE_MEMORY_H 1
| #define HAVE_STRINGS_H 1
| #define HAVE_INTTYPES_H 1
| #define HAVE_STDINT_H 1
| #define HAVE_UNISTD_H 1
| #define HAVE_DLFCN_H 1
| #define LT_OBJDIR ".libs/"
| #define HAVE_FCNTL_H 1
| #define HAVE_LIMITS_H 1
| /* end confdefs.h.  */
| #include <stdio.h>
| #ifdef HAVE_SYS_TYPES_H
| # include <sys/types.h>
| #endif
| #ifdef HAVE_SYS_STAT_H
| # include <sys/stat.h>
| #endif
| #ifdef STDC_HEADERS
| # include <stdlib.h>
| # include <stddef.h>
| #else
| # ifdef HAVE_STDLIB_H
| #  include <stdlib.h>
| # endif
| #endif
| #ifdef HAVE_STRING_H
| # if !defined STDC_HEADERS && defined HAVE_MEMORY_H
| #  include <memory.h>
| # endif
| # include <string.h>
| #endif
| #ifdef HAVE_STRINGS_H
| # include <strings.h>
| #endif
| #ifdef HAVE_INTTYPES_H
| # include <inttypes.h>
| #endif
| #ifdef HAVE_STDINT_H
| # include <stdint.h>
| #endif
| #ifdef HAVE_UNISTD_H
| # include <unistd.h>
| #endif
| #include <malloc.h>
configure:15755: result: no
configure:15755: checking malloc.h presence
configure:15755: gcc -E  conftest.c
conftest.c:25:10: fatal error: 'malloc.h' file not found
#include <malloc.h>
         ^~~~~~~~~~
1 error generated.
configure:15755: $? = 1
configure: failed program was:
| /* confdefs.h */
| #define PACKAGE_NAME "SZ"
| #define PACKAGE_TARNAME "sz"
| #define PACKAGE_VERSION "2.0"
| #define PACKAGE_STRING "SZ 2.0"
| #define PACKAGE_BUGREPORT "sdi1@anl.gov"
| #define PACKAGE_URL ""
| #define PACKAGE "sz"
| #define VERSION "2.0"
| #define STDC_HEADERS 1
| #define HAVE_SYS_TYPES_H 1
| #define HAVE_SYS_STAT_H 1
| #define HAVE_STDLIB_H 1
| #define HAVE_STRING_H 1
| #define HAVE_MEMORY_H 1
| #define HAVE_STRINGS_H 1
| #define HAVE_INTTYPES_H 1
| #define HAVE_STDINT_H 1
| #define HAVE_UNISTD_H 1
| #define HAVE_DLFCN_H 1
| #define LT_OBJDIR ".libs/"
| #define HAVE_FCNTL_H 1
| #define HAVE_LIMITS_H 1
| /* end confdefs.h.  */
| #include <malloc.h>
configure:15755: result: no
configure:15755: checking for malloc.h
configure:15755: result: no
configure:15755: checking stddef.h usability
configure:15755: gcc -c -O3 -std=c99 -Wall  conftest.c >&5
configure:15755: $? = 0
configure:15755: result: yes
configure:15755: checking stddef.h presence
configure:15755: gcc -E  conftest.c
configure:15755: $? = 0
configure:15755: result: yes
configure:15755: checking for stddef.h
configure:15755: result: yes
configure:15755: checking for stdlib.h
configure:15755: result: yes
configure:15755: checking for string.h
configure:15755: result: yes
configure:15755: checking sys/time.h usability
configure:15755: gcc -c -O3 -std=c99 -Wall  conftest.c >&5
configure:15755: $? = 0
configure:15755: result: yes
configure:15755: checking sys/time.h presence
configure:15755: gcc -E  conftest.c
configure:15755: $? = 0
configure:15755: result: yes
configure:15755: checking for sys/time.h
configure:15755: result: yes
configure:15755: checking for unistd.h
configure:15755: result: yes
configure:16064: WARNING: GSL disabled
configure:16314: checking for size_t
configure:16314: gcc -c -O3 -std=c99 -Wall  conftest.c >&5
configure:16314: $? = 0
configure:16314: gcc -c -O3 -std=c99 -Wall  conftest.c >&5
conftest.c:66:21: error: expected expression
if (sizeof ((size_t)))
                    ^
1 error generated.
configure:16314: $? = 1
configure: failed program was:
| /* confdefs.h */
| #define PACKAGE_NAME "SZ"
| #define PACKAGE_TARNAME "sz"
| #define PACKAGE_VERSION "2.0"
| #define PACKAGE_STRING "SZ 2.0"
| #define PACKAGE_BUGREPORT "sdi1@anl.gov"
| #define PACKAGE_URL ""
| #define PACKAGE "sz"
| #define VERSION "2.0"
| #define STDC_HEADERS 1
| #define HAVE_SYS_TYPES_H 1
| #define HAVE_SYS_STAT_H 1
| #define HAVE_STDLIB_H 1
| #define HAVE_STRING_H 1
| #define HAVE_MEMORY_H 1
| #define HAVE_STRINGS_H 1
| #define HAVE_INTTYPES_H 1
| #define HAVE_STDINT_H 1
| #define HAVE_UNISTD_H 1
| #define HAVE_DLFCN_H 1
| #define LT_OBJDIR ".libs/"
| #define HAVE_FCNTL_H 1
| #define HAVE_LIMITS_H 1
| #define HAVE_STDDEF_H 1
| #define HAVE_STDLIB_H 1
| #define HAVE_STRING_H 1
| #define HAVE_SYS_TIME_H 1
| #define HAVE_UNISTD_H 1
| /* end confdefs.h.  */
| #include <stdio.h>
| #ifdef HAVE_SYS_TYPES_H
| # include <sys/types.h>
| #endif
| #ifdef HAVE_SYS_STAT_H
| # include <sys/stat.h>
| #endif
| #ifdef STDC_HEADERS
| # include <stdlib.h>
| # include <stddef.h>
| #else
| # ifdef HAVE_STDLIB_H
| #  include <stdlib.h>
| # endif
| #endif
| #ifdef HAVE_STRING_H
| # if !defined STDC_HEADERS && defined HAVE_MEMORY_H
| #  include <memory.h>
| # endif
| # include <string.h>
| #endif
| #ifdef HAVE_STRINGS_H
| # include <strings.h>
| #endif
| #ifdef HAVE_INTTYPES_H
| # include <inttypes.h>
| #endif
| #ifdef HAVE_STDINT_H
| # include <stdint.h>
| #endif
| #ifdef HAVE_UNISTD_H
| # include <unistd.h>
| #endif
| int
| main ()
| {
| if (sizeof ((size_t)))
| 	    return 0;
|   ;
|   return 0;
| }
configure:16314: result: yes
configure:16325: checking for ptrdiff_t
configure:16325: gcc -c -O3 -std=c99 -Wall  conftest.c >&5
configure:16325: $? = 0
configure:16325: gcc -c -O3 -std=c99 -Wall  conftest.c >&5
conftest.c:66:24: error: expected expression
if (sizeof ((ptrdiff_t)))
                       ^
1 error generated.
configure:16325: $? = 1
configure: failed program was:
| /* confdefs.h */
| #define PACKAGE_NAME "SZ"
| #define PACKAGE_TARNAME "sz"
| #define PACKAGE_VERSION "2.0"
| #define PACKAGE_STRING "SZ 2.0"
| #define PACKAGE_BUGREPORT "sdi1@anl.gov"
| #define PACKAGE_URL ""
| #define PACKAGE "sz"
| #define VERSION "2.0"
| #define STDC_HEADERS 1
| #define HAVE_SYS_TYPES_H 1
| #define HAVE_SYS_STAT_H 1
| #define HAVE_STDLIB_H 1
| #define HAVE_STRING_H 1
| #define HAVE_MEMORY_H 1
| #define HAVE_STRINGS_H 1
| #define HAVE_INTTYPES_H 1
| #define HAVE_STDINT_H 1
| #define HAVE_UNISTD_H 1
| #define HAVE_DLFCN_H 1
| #define LT_OBJDIR ".libs/"
| #define HAVE_FCNTL_H 1
| #define HAVE_LIMITS_H 1
| #define HAVE_STDDEF_H 1
| #define HAVE_STDLIB_H 1
| #define HAVE_STRING_H 1
| #define HAVE_SYS_TIME_H 1
| #define HAVE_UNISTD_H 1
| /* end confdefs.h.  */
| #include <stdio.h>
| #ifdef HAVE_SYS_TYPES_H
| # include <sys/types.h>
| #endif
| #ifdef HAVE_SYS_STAT_H
| # include <sys/stat.h>
| #endif
| #ifdef STDC_HEADERS
| # include <stdlib.h>
| # include <stddef.h>
| #else
| # ifdef HAVE_STDLIB_H
| #  include <stdlib.h>
| # endif
| #endif
| #ifdef HAVE_STRING_H
| # if !defined STDC_HEADERS && defined HAVE_MEMORY_H
| #  include <memory.h>
| # endif
| # include <string.h>
| #endif
| #ifdef HAVE_STRINGS_H
| # include <strings.h>
| #endif
| #ifdef HAVE_INTTYPES_H
| # include <inttypes.h>
| #endif
| #ifdef HAVE_STDINT_H
| # include <stdint.h>
| #endif
| #ifdef HAVE_UNISTD_H
| # include <unistd.h>
| #endif
| int
| main ()
| {
| if (sizeof ((ptrdiff_t)))
| 	    return 0;
|   ;
|   return 0;
| }
configure:16325: result: yes
configure:16339: checking for stdlib.h
configure:16339: result: yes
configure:16349: checking for GNU libc compatible malloc
configure:16373: gcc -o conftest -O3 -std=c99 -Wall   conftest.c  >&5
configure:16373: $? = 0
configure:16373: ./conftest
configure:16373: $? = 0
configure:16383: result: yes
configure:16406: checking for stdlib.h
configure:16406: result: yes
configure:16416: checking for GNU libc compatible realloc
configure:16440: gcc -o conftest -O3 -std=c99 -Wall   conftest.c  >&5
configure:16440: $? = 0
configure:16440: ./conftest
configure:16440: $? = 0
configure:16450: result: yes
configure:16474: checking for memchr
configure:16474: gcc -o conftest -O3 -std=c99 -Wall   conftest.c  >&5
conftest.c:58:6: warning: incompatible redeclaration of library function 'memchr' [-Wincompatible-library-redeclaration]
char memchr ();
     ^
conftest.c:58:6: note: 'memchr' is a builtin with type 'void *(const void *, int, unsigned long)'
1 warning generated.
configure:16474: $? = 0
configure:16474: result: yes
configure:16474: checking for memset
configure:16474: gcc -o conftest -O3 -std=c99 -Wall   conftest.c  >&5
conftest.c:59:6: warning: incompatible redeclaration of library function 'memset' [-Wincompatible-library-redeclaration]
char memset ();
     ^
conftest.c:59:6: note: 'memset' is a builtin with type 'void *(void *, int, unsigned long)'
1 warning generated.
configure:16474: $? = 0
configure:16474: result: yes
configure:16474: checking for strchr
configure:16474: gcc -o conftest -O3 -std=c99 -Wall   conftest.c  >&5
conftest.c:60:6: warning: incompatible redeclaration of library function 'strchr' [-Wincompatible-library-redeclaration]
char strchr ();
     ^
conftest.c:60:6: note: 'strchr' is a builtin with type 'char *(const char *, int)'
1 warning generated.
configure:16474: $? = 0
configure:16474: result: yes
configure:16474: checking for strtol
configure:16474: gcc -o conftest -O3 -std=c99 -Wall   conftest.c  >&5
configure:16474: $? = 0
configure:16474: result: yes
configure:16595: checking that generated files are newer than configure
configure:16601: result: done
configure:16648: creating ./config.status

## ---------------------- ##
## Running config.status. ##
## ---------------------- ##

This file was extended by SZ config.status 2.0, which was
generated by GNU Autoconf 2.69.  Invocation command line was

  CONFIG_FILES    = 
  CONFIG_HEADERS  = 
  CONFIG_LINKS    = 
  CONFIG_COMMANDS = 
  $ ./config.status 

on Aneeqa-Macbook

config.status:1181: creating Makefile
config.status:1181: creating sz/Makefile
config.status:1181: creating zlib/Makefile
config.status:1181: creating zstd/Makefile
config.status:1181: creating example/Makefile
config.status:1181: creating config.h
config.status:1410: executing depfiles commands
config.status:1410: executing libtool commands

## ---------------- ##
## Cache variables. ##
## ---------------- ##

ac_cv_build=x86_64-apple-darwin17.4.0
ac_cv_c_compiler_gnu=yes
ac_cv_env_CC_set=
ac_cv_env_CC_value=
ac_cv_env_CFLAGS_set=
ac_cv_env_CFLAGS_value=
ac_cv_env_CPPFLAGS_set=
ac_cv_env_CPPFLAGS_value=
ac_cv_env_CPP_set=
ac_cv_env_CPP_value=
ac_cv_env_FCFLAGS_set=
ac_cv_env_FCFLAGS_value=
ac_cv_env_FC_set=
ac_cv_env_FC_value=
ac_cv_env_LDFLAGS_set=
ac_cv_env_LDFLAGS_value=
ac_cv_env_LIBS_set=
ac_cv_env_LIBS_value=
ac_cv_env_LT_SYS_LIBRARY_PATH_set=
ac_cv_env_LT_SYS_LIBRARY_PATH_value=
ac_cv_env_build_alias_set=
ac_cv_env_build_alias_value=
ac_cv_env_host_alias_set=
ac_cv_env_host_alias_value=
ac_cv_env_target_alias_set=
ac_cv_env_target_alias_value=
ac_cv_fc_compiler_gnu=yes
ac_cv_func_malloc_0_nonnull=yes
ac_cv_func_memchr=yes
ac_cv_func_memset=yes
ac_cv_func_realloc_0_nonnull=yes
ac_cv_func_strchr=yes
ac_cv_func_strtol=yes
ac_cv_header_dlfcn_h=yes
ac_cv_header_fcntl_h=yes
ac_cv_header_inttypes_h=yes
ac_cv_header_limits_h=yes
ac_cv_header_malloc_h=no
ac_cv_header_memory_h=yes
ac_cv_header_stdc=yes
ac_cv_header_stddef_h=yes
ac_cv_header_stdint_h=yes
ac_cv_header_stdlib_h=yes
ac_cv_header_string_h=yes
ac_cv_header_strings_h=yes
ac_cv_header_sys_stat_h=yes
ac_cv_header_sys_time_h=yes
ac_cv_header_sys_types_h=yes
ac_cv_header_unistd_h=yes
ac_cv_host=x86_64-apple-darwin17.4.0
ac_cv_objext=o
ac_cv_path_EGREP='/usr/bin/grep -E'
ac_cv_path_FGREP='/usr/bin/grep -F'
ac_cv_path_GREP=/usr/bin/grep
ac_cv_path_SED=/usr/bin/sed
ac_cv_path_install='/usr/bin/install -c'
ac_cv_path_lt_DD=/bin/dd
ac_cv_prog_AWK=awk
ac_cv_prog_CPP='gcc -E'
ac_cv_prog_ac_ct_AR=ar
ac_cv_prog_ac_ct_CC=gcc
ac_cv_prog_ac_ct_DSYMUTIL=dsymutil
ac_cv_prog_ac_ct_FC=gfortran
ac_cv_prog_ac_ct_LIPO=lipo
ac_cv_prog_ac_ct_NMEDIT=nmedit
ac_cv_prog_ac_ct_OBJDUMP=objdump
ac_cv_prog_ac_ct_OTOOL=otool
ac_cv_prog_ac_ct_RANLIB=ranlib
ac_cv_prog_ac_ct_STRIP=strip
ac_cv_prog_cc_c89=
ac_cv_prog_cc_g=yes
ac_cv_prog_fc_g=yes
ac_cv_prog_make_make_set=yes
ac_cv_type_ptrdiff_t=yes
ac_cv_type_size_t=yes
am_cv_CC_dependencies_compiler_type=gcc3
am_cv_ar_interface=ar
am_cv_make_support_nested_variables=yes
am_cv_prog_cc_c_o=yes
lt_cv_apple_cc_single_mod=yes
lt_cv_ar_at_file=no
lt_cv_deplibs_check_method=pass_all
lt_cv_file_magic_cmd='$MAGIC_CMD'
lt_cv_file_magic_test_file=
lt_cv_ld_exported_symbols_list=yes
lt_cv_ld_force_load=yes
lt_cv_ld_reload_flag=-r
lt_cv_nm_interface='BSD nm'
lt_cv_objdir=.libs
lt_cv_path_LD=/Applications/Xcode.app/Contents/Developer/Toolchains/XcodeDefault.xctoolchain/usr/bin/ld
lt_cv_path_NM='/usr/bin/nm -B'
lt_cv_path_mainfest_tool=no
lt_cv_prog_compiler_c_o=yes
lt_cv_prog_compiler_c_o_FC=yes
lt_cv_prog_compiler_pic='-fno-common -DPIC'
lt_cv_prog_compiler_pic_FC=-fno-common
lt_cv_prog_compiler_pic_works=yes
lt_cv_prog_compiler_pic_works_FC=yes
lt_cv_prog_compiler_rtti_exceptions=yes
lt_cv_prog_compiler_static_works=no
lt_cv_prog_compiler_static_works_FC=no
lt_cv_prog_gnu_ld=no
lt_cv_sharedlib_from_linklib_cmd='printf %s\n'
lt_cv_sys_global_symbol_pipe='sed -n -e '\''s/^.*[	 ]\([BCDEGRST][BCDEGRST]*\)[	 ][	 ]*_\([_A-Za-z][_A-Za-z0-9]*\)$/\1 _\2 \2/p'\'' | sed '\''/ __gnu_lto/d'\'''
lt_cv_sys_global_symbol_to_c_name_address='sed -n -e '\''s/^: \(.*\) .*$/  {"\1", (void *) 0},/p'\'' -e '\''s/^[BCDEGRST][BCDEGRST]* .* \(.*\)$/  {"\1", (void *) \&\1},/p'\'''
lt_cv_sys_global_symbol_to_c_name_address_lib_prefix='sed -n -e '\''s/^: \(.*\) .*$/  {"\1", (void *) 0},/p'\'' -e '\''s/^[BCDEGRST][BCDEGRST]* .* \(lib.*\)$/  {"\1", (void *) \&\1},/p'\'' -e '\''s/^[BCDEGRST][BCDEGRST]* .* \(.*\)$/  {"lib\1", (void *) \&\1},/p'\'''
lt_cv_sys_global_symbol_to_cdecl='sed -n -e '\''s/^T .* \(.*\)$/extern int \1();/p'\'' -e '\''s/^[BCDEGRST][BCDEGRST]* .* \(.*\)$/extern char \1;/p'\'''
lt_cv_sys_global_symbol_to_import=
lt_cv_sys_max_cmd_len=196608
lt_cv_to_host_file_cmd=func_convert_file_noop
lt_cv_to_tool_file_cmd=func_convert_file_noop
lt_cv_truncate_bin='/bin/dd bs=4096 count=1'

## ----------------- ##
## Output variables. ##
## ----------------- ##

ACLOCAL='${SHELL} /Users/Aneeqa/Documents/QuantumResearch/QuantumCircuit/QuantumSim/compression/compression/sz-2.0.2.0/missing aclocal-1.15'
AMDEPBACKSLASH='\'
AMDEP_FALSE='#'
AMDEP_TRUE=''
AMTAR='$${TAR-tar}'
AM_BACKSLASH='\'
AM_DEFAULT_V='$(AM_DEFAULT_VERBOSITY)'
AM_DEFAULT_VERBOSITY='1'
AM_V='$(V)'
AR='ar'
AUTOCONF='${SHELL} /Users/Aneeqa/Documents/QuantumResearch/QuantumCircuit/QuantumSim/compression/compression/sz-2.0.2.0/missing autoconf'
AUTOHEADER='${SHELL} /Users/Aneeqa/Documents/QuantumResearch/QuantumCircuit/QuantumSim/compression/compression/sz-2.0.2.0/missing autoheader'
AUTOMAKE='${SHELL} /Users/Aneeqa/Documents/QuantumResearch/QuantumCircuit/QuantumSim/compression/compression/sz-2.0.2.0/missing automake-1.15'
AWK='awk'
CC='gcc'
CCDEPMODE='depmode=gcc3'
CFLAGS='-O3 -std=c99 -Wall'
CPP='gcc -E'
CPPFLAGS=''
CYGPATH_W='echo'
DEFS='-DHAVE_CONFIG_H'
DEPDIR='.deps'
DLLTOOL='false'
DSYMUTIL='dsymutil'
DUMPBIN=''
ECHO_C='\c'
ECHO_N=''
ECHO_T=''
EGREP='/usr/bin/grep -E'
EXEEXT=''
FC='gfortran'
FCFLAGS='-g -O2'
FGREP='/usr/bin/grep -F'
FORTRAN_FALSE=''
FORTRAN_TRUE='#'
GREP='/usr/bin/grep'
GSL_CFLAGS=''
GSL_CONFIG=''
GSL_FALSE=''
GSL_HDR=''
GSL_LIB=''
GSL_LIBS=''
GSL_STATIC=''
GSL_TRUE='#'
INSTALL_DATA='${INSTALL} -m 644'
INSTALL_PROGRAM='${INSTALL}'
INSTALL_SCRIPT='${INSTALL}'
INSTALL_STRIP_PROGRAM='$(install_sh) -c -s'
LD='/Applications/Xcode.app/Contents/Developer/Toolchains/XcodeDefault.xctoolchain/usr/bin/ld'
LDFLAGS=''
LIBOBJS=''
LIBS=''
LIBTOOL='$(SHELL) $(top_builddir)/libtool'
LIPO='lipo'
LN_S='ln -s'
LTLIBOBJS=''
LT_SYS_LIBRARY_PATH=''
MAINT='#'
MAINTAINER_MODE_FALSE=''
MAINTAINER_MODE_TRUE='#'
MAKEINFO='${SHELL} /Users/Aneeqa/Documents/QuantumResearch/QuantumCircuit/QuantumSim/compression/compression/sz-2.0.2.0/missing makeinfo'
MANIFEST_TOOL=':'
MKDIR_P='./install-sh -c -d'
NM='/usr/bin/nm -B'
NMEDIT='nmedit'
OBJDUMP='objdump'
OBJEXT='o'
OPENMP_FALSE=''
OPENMP_FLAGS=''
OPENMP_TRUE='#'
OTOOL64=':'
OTOOL='otool'
PACKAGE='sz'
PACKAGE_BUGREPORT='sdi1@anl.gov'
PACKAGE_NAME='SZ'
PACKAGE_STRING='SZ 2.0'
PACKAGE_TARNAME='sz'
PACKAGE_URL=''
PACKAGE_VERSION='2.0'
PASTRI_FALSE=''
PASTRI_FLAGS=''
PASTRI_TRUE='#'
PATH_SEPARATOR=':'
RANLIB='ranlib'
SED='/usr/bin/sed'
SET_MAKE=''
SHELL='/bin/sh'
STRIP='strip'
TIMECMPR_FALSE=''
TIMECMPR_FLAGS=''
TIMECMPR_TRUE='#'
VERSION='2.0'
ac_ct_AR='ar'
ac_ct_CC='gcc'
ac_ct_DUMPBIN=''
ac_ct_FC='gfortran'
am__EXEEXT_FALSE=''
am__EXEEXT_TRUE='#'
am__fastdepCC_FALSE='#'
am__fastdepCC_TRUE=''
am__include='include'
am__isrc=''
am__leading_dot='.'
am__nodep='_no'
am__quote=''
am__tar='$${TAR-tar} chof - "$$tardir"'
am__untar='$${TAR-tar} xf -'
bindir='${exec_prefix}/bin'
build='x86_64-apple-darwin17.4.0'
build_alias=''
build_cpu='x86_64'
build_os='darwin17.4.0'
build_vendor='apple'
datadir='${datarootdir}'
datarootdir='${prefix}/share'
docdir='${datarootdir}/doc/${PACKAGE_TARNAME}'
dvidir='${docdir}'
exec_prefix='${prefix}'
host='x86_64-apple-darwin17.4.0'
host_alias=''
host_cpu='x86_64'
host_os='darwin17.4.0'
host_vendor='apple'
htmldir='${docdir}'
includedir='${prefix}/include'
infodir='${datarootdir}/info'
install_sh='${SHELL} /Users/Aneeqa/Documents/QuantumResearch/QuantumCircuit/QuantumSim/compression/compression/sz-2.0.2.0/install-sh'
libdir='${exec_prefix}/lib'
libexecdir='${exec_prefix}/libexec'
localedir='${datarootdir}/locale'
localstatedir='${prefix}/var'
mandir='${datarootdir}/man'
mkdir_p='$(MKDIR_P)'
oldincludedir='/usr/include'
pdfdir='${docdir}'
prefix='/usr/local'
program_transform_name='s,x,x,'
psdir='${docdir}'
sbindir='${exec_prefix}/sbin'
sharedstatedir='${prefix}/com'
sysconfdir='${prefix}/etc'
target_alias=''

## ----------- ##
## confdefs.h. ##
## ----------- ##

/* confdefs.h */
#define PACKAGE_NAME "SZ"
#define PACKAGE_TARNAME "sz"
#define PACKAGE_VERSION "2.0"
#define PACKAGE_STRING "SZ 2.0"
#define PACKAGE_BUGREPORT "sdi1@anl.gov"
#define PACKAGE_URL ""
#define PACKAGE "sz"
#define VERSION "2.0"
#define STDC_HEADERS 1
#define HAVE_SYS_TYPES_H 1
#define HAVE_SYS_STAT_H 1
#define HAVE_STDLIB_H 1
#define HAVE_STRING_H 1
#define HAVE_MEMORY_H 1
#define HAVE_STRINGS_H 1
#define HAVE_INTTYPES_H 1
#define HAVE_STDINT_H 1
#define HAVE_UNISTD_H 1
#define HAVE_DLFCN_H 1
#define LT_OBJDIR ".libs/"
#define HAVE_FCNTL_H 1
#define HAVE_LIMITS_H 1
#define HAVE_STDDEF_H 1
#define HAVE_STDLIB_H 1
#define HAVE_STRING_H 1
#define HAVE_SYS_TIME_H 1
#define HAVE_UNISTD_H 1
#define HAVE_PTRDIFF_T 1
#define HAVE_STDLIB_H 1
#define HAVE_MALLOC 1
#define HAVE_STDLIB_H 1
#define HAVE_REALLOC 1
#define HAVE_MEMCHR 1
#define HAVE_MEMSET 1
#define HAVE_STRCHR 1
#define HAVE_STRTOL 1

configure: exit 0
